###############################################################################
#
# IAR ELF Linker V7.80.1.11864/W32 for ARM                05/Dec/2019  13:05:39
# Copyright 2007-2016 IAR Systems AB.
#
#    Output file  =  
#        U:\FRÉDÉRIC DION\Projet\5e
#        session\Logiciels\STM32F407VGT6\EWARM\247-637 S-0010 V7\Exe\247-637
#        S-0010 V7.out
#    Map file     =  
#        U:\FRÉDÉRIC DION\Projet\5e
#        session\Logiciels\STM32F407VGT6\EWARM\247-637 S-0010 V7\List\247-637
#        S-0010 V7.map
#    Command line =  
#        "U:\FRÉDÉRIC DION\Projet\5e
#        session\Logiciels\STM32F407VGT6\EWARM\247-637 S-0010
#        V7\Obj\interfaceB1.o" "U:\FRÉDÉRIC DION\Projet\5e
#        session\Logiciels\STM32F407VGT6\EWARM\247-637 S-0010
#        V7\Obj\interfaceT1.o" "U:\FRÉDÉRIC DION\Projet\5e
#        session\Logiciels\STM32F407VGT6\EWARM\247-637 S-0010
#        V7\Obj\interfaceT2.o" "U:\FRÉDÉRIC DION\Projet\5e
#        session\Logiciels\STM32F407VGT6\EWARM\247-637 S-0010
#        V7\Obj\interfaceT3.o" "U:\FRÉDÉRIC DION\Projet\5e
#        session\Logiciels\STM32F407VGT6\EWARM\247-637 S-0010
#        V7\Obj\interfaceT4.o" "U:\FRÉDÉRIC DION\Projet\5e
#        session\Logiciels\STM32F407VGT6\EWARM\247-637 S-0010 V7\Obj\main.o"
#        "U:\FRÉDÉRIC DION\Projet\5e
#        session\Logiciels\STM32F407VGT6\EWARM\247-637 S-0010
#        V7\Obj\piloteCAN1.o" "U:\FRÉDÉRIC DION\Projet\5e
#        session\Logiciels\STM32F407VGT6\EWARM\247-637 S-0010
#        V7\Obj\piloteIOB1.o" "U:\FRÉDÉRIC DION\Projet\5e
#        session\Logiciels\STM32F407VGT6\EWARM\247-637 S-0010
#        V7\Obj\piloteIOT1.o" "U:\FRÉDÉRIC DION\Projet\5e
#        session\Logiciels\STM32F407VGT6\EWARM\247-637 S-0010
#        V7\Obj\piloteIOT2.o" "U:\FRÉDÉRIC DION\Projet\5e
#        session\Logiciels\STM32F407VGT6\EWARM\247-637 S-0010
#        V7\Obj\piloteIOT3.o" "U:\FRÉDÉRIC DION\Projet\5e
#        session\Logiciels\STM32F407VGT6\EWARM\247-637 S-0010
#        V7\Obj\piloteIOT4.o" "U:\FRÉDÉRIC DION\Projet\5e
#        session\Logiciels\STM32F407VGT6\EWARM\247-637 S-0010
#        V7\Obj\piloteTimer6Up.o" "U:\FRÉDÉRIC DION\Projet\5e
#        session\Logiciels\STM32F407VGT6\EWARM\247-637 S-0010
#        V7\Obj\processusBoutonConnecte.o" "U:\FRÉDÉRIC DION\Projet\5e
#        session\Logiciels\STM32F407VGT6\EWARM\247-637 S-0010
#        V7\Obj\processusClignotant.o" "U:\FRÉDÉRIC DION\Projet\5e
#        session\Logiciels\STM32F407VGT6\EWARM\247-637 S-0010
#        V7\Obj\serviceBaseDeTemps.o" "U:\FRÉDÉRIC DION\Projet\5e
#        session\Logiciels\STM32F407VGT6\EWARM\247-637 S-0010
#        V7\Obj\startup_stm32f407xx.o" "U:\FRÉDÉRIC DION\Projet\5e
#        session\Logiciels\STM32F407VGT6\EWARM\247-637 S-0010
#        V7\Obj\stm32f4xx_hal.o" "U:\FRÉDÉRIC DION\Projet\5e
#        session\Logiciels\STM32F407VGT6\EWARM\247-637 S-0010
#        V7\Obj\stm32f4xx_hal_can.o" "U:\FRÉDÉRIC DION\Projet\5e
#        session\Logiciels\STM32F407VGT6\EWARM\247-637 S-0010
#        V7\Obj\stm32f4xx_hal_cortex.o" "U:\FRÉDÉRIC DION\Projet\5e
#        session\Logiciels\STM32F407VGT6\EWARM\247-637 S-0010
#        V7\Obj\stm32f4xx_hal_dma.o" "U:\FRÉDÉRIC DION\Projet\5e
#        session\Logiciels\STM32F407VGT6\EWARM\247-637 S-0010
#        V7\Obj\stm32f4xx_hal_dma_ex.o" "U:\FRÉDÉRIC DION\Projet\5e
#        session\Logiciels\STM32F407VGT6\EWARM\247-637 S-0010
#        V7\Obj\stm32f4xx_hal_exti.o" "U:\FRÉDÉRIC DION\Projet\5e
#        session\Logiciels\STM32F407VGT6\EWARM\247-637 S-0010
#        V7\Obj\stm32f4xx_hal_flash.o" "U:\FRÉDÉRIC DION\Projet\5e
#        session\Logiciels\STM32F407VGT6\EWARM\247-637 S-0010
#        V7\Obj\stm32f4xx_hal_flash_ex.o" "U:\FRÉDÉRIC DION\Projet\5e
#        session\Logiciels\STM32F407VGT6\EWARM\247-637 S-0010
#        V7\Obj\stm32f4xx_hal_flash_ramfunc.o" "U:\FRÉDÉRIC DION\Projet\5e
#        session\Logiciels\STM32F407VGT6\EWARM\247-637 S-0010
#        V7\Obj\stm32f4xx_hal_gpio.o" "U:\FRÉDÉRIC DION\Projet\5e
#        session\Logiciels\STM32F407VGT6\EWARM\247-637 S-0010
#        V7\Obj\stm32f4xx_hal_msp.o" "U:\FRÉDÉRIC DION\Projet\5e
#        session\Logiciels\STM32F407VGT6\EWARM\247-637 S-0010
#        V7\Obj\stm32f4xx_hal_pwr.o" "U:\FRÉDÉRIC DION\Projet\5e
#        session\Logiciels\STM32F407VGT6\EWARM\247-637 S-0010
#        V7\Obj\stm32f4xx_hal_pwr_ex.o" "U:\FRÉDÉRIC DION\Projet\5e
#        session\Logiciels\STM32F407VGT6\EWARM\247-637 S-0010
#        V7\Obj\stm32f4xx_hal_rcc.o" "U:\FRÉDÉRIC DION\Projet\5e
#        session\Logiciels\STM32F407VGT6\EWARM\247-637 S-0010
#        V7\Obj\stm32f4xx_hal_rcc_ex.o" "U:\FRÉDÉRIC DION\Projet\5e
#        session\Logiciels\STM32F407VGT6\EWARM\247-637 S-0010
#        V7\Obj\stm32f4xx_hal_tim.o" "U:\FRÉDÉRIC DION\Projet\5e
#        session\Logiciels\STM32F407VGT6\EWARM\247-637 S-0010
#        V7\Obj\stm32f4xx_hal_tim_ex.o" "U:\FRÉDÉRIC DION\Projet\5e
#        session\Logiciels\STM32F407VGT6\EWARM\247-637 S-0010
#        V7\Obj\stm32f4xx_hal_uart.o" "U:\FRÉDÉRIC DION\Projet\5e
#        session\Logiciels\STM32F407VGT6\EWARM\247-637 S-0010
#        V7\Obj\stm32f4xx_it.o" "U:\FRÉDÉRIC DION\Projet\5e
#        session\Logiciels\STM32F407VGT6\EWARM\247-637 S-0010
#        V7\Obj\system_stm32f4xx.o" --redirect _Printf=_PrintfFull --redirect
#        _Scanf=_ScanfFull -o "U:\FRÉDÉRIC DION\Projet\5e
#        session\Logiciels\STM32F407VGT6\EWARM\247-637 S-0010 V7\Exe\247-637
#        S-0010 V7.out" --map "U:\FRÉDÉRIC DION\Projet\5e
#        session\Logiciels\STM32F407VGT6\EWARM\247-637 S-0010 V7\List\247-637
#        S-0010 V7.map" --config "U:\FRÉDÉRIC DION\Projet\5e
#        session\Logiciels\STM32F407VGT6\EWARM/stm32f407xx_flash.icf"
#        --semihosting --entry __iar_program_start --vfe
#
###############################################################################

*******************************************************************************
*** RUNTIME MODEL ATTRIBUTES
***

CppFlavor       = *
__SystemLibrary = DLib


*******************************************************************************
*** PLACEMENT SUMMARY
***

"A0":  place at 0x08000000 { ro section .intvec };
"P1":  place in [from 0x08000000 to 0x080fffff] { ro };
"P2":  place in [from 0x20000000 to 0x2001ffff] { rw, block CSTACK, block HEAP };
initialize by copy { rw };

  Section            Kind        Address    Size  Object
  -------            ----        -------    ----  ------
"A0":                                      0x188
  .intvec            ro code  0x08000000   0x188  startup_stm32f407xx.o [1]
                            - 0x08000188   0x188

"P1":                                     0x1ce8
  .text              ro code  0x08000188   0x494  stm32f4xx_hal_can.o [1]
  .text              ro code  0x0800061c    0xe8  stm32f4xx_hal_msp.o [1]
  .text              ro code  0x08000704     0xc  stm32f4xx_hal.o [1]
  .text              ro code  0x08000710    0xf0  stm32f4xx_hal_cortex.o [1]
  .text              ro code  0x08000800     0x6  ABImemclr4.o [5]
  .text              ro code  0x08000808   0x1ec  stm32f4xx_hal_gpio.o [1]
  .text              ro code  0x080009f4    0x32  ABImemset48.o [5]
  .text              ro code  0x08000a28   0x430  main.o [1]
  .text              ro code  0x08000e58    0x28  piloteTimer6Up.o [1]
  .text              ro code  0x08000e80     0xe  piloteIOB1.o [1]
  .text              ro code  0x08000e90    0x1c  piloteIOT1.o [1]
  .text              ro code  0x08000eac    0x1c  piloteIOT2.o [1]
  .text              ro code  0x08000ec8    0x1c  piloteIOT3.o [1]
  .text              ro code  0x08000ee4    0x1c  piloteIOT4.o [1]
  .text              ro code  0x08000f00    0x48  serviceBaseDeTemps.o [1]
  .text              ro code  0x08000f48    0x70  interfaceB1.o [1]
  .text              ro code  0x08000fb8    0x12  interfaceT1.o [1]
  .text              ro code  0x08000fca    0x12  interfaceT2.o [1]
  .text              ro code  0x08000fdc    0x12  interfaceT3.o [1]
  .text              ro code  0x08000fee    0x12  interfaceT4.o [1]
  .text              ro code  0x08001000    0xd4  processusClignotant.o [1]
  .text              ro code  0x080010d4   0x130  processusBoutonConnecte.o [1]
  .text              ro code  0x08001204    0x94  piloteCAN1.o [1]
  .text              ro code  0x08001298    0x34  stm32f4xx_hal.o [1]
  .text              ro code  0x080012cc   0x2f4  stm32f4xx_hal_rcc.o [1]
  .text              ro code  0x080015c0   0x184  stm32f4xx_hal_rcc.o [1]
  .text              ro code  0x08001744   0x278  stm32f4xx_hal_tim.o [1]
  .text              ro code  0x080019bc    0x40  stm32f4xx_hal_tim_ex.o [1]
  .text              ro code  0x080019fc    0x48  stm32f4xx_hal.o [1]
  .text              ro code  0x08001a44    0xee  I64DivMod.o [5]
  .text              ro code  0x08001b32     0x2  stm32f4xx_hal_tim.o [1]
  .text              ro code  0x08001b34     0x2  stm32f4xx_hal_tim.o [1]
  .text              ro code  0x08001b36     0x2  stm32f4xx_hal_tim.o [1]
  .text              ro code  0x08001b38     0x2  stm32f4xx_hal_tim_ex.o [1]
  .text              ro code  0x08001b3a     0x2  stm32f4xx_hal_tim.o [1]
  .text              ro code  0x08001b3c     0x2  stm32f4xx_hal_tim_ex.o [1]
  .text              ro code  0x08001b40     0x2  I64DivZer.o [5]
  .text              ro code  0x08001b44    0x60  system_stm32f4xx.o [1]
  .text              ro code  0x08001ba4    0x40  zero_init3.o [5]
  .text              ro code  0x08001be4    0x2c  copy_init3.o [5]
  .text              ro code  0x08001c10    0x28  data_init.o [5]
  .text              ro code  0x08001c38    0x22  fpinit_M.o [4]
  .iar.init_table    const    0x08001c5c    0x24  - Linker created -
  .text              ro code  0x08001c80    0x1a  cmain.o [5]
  .text              ro code  0x08001c9a     0x4  low_level_init.o [3]
  .text              ro code  0x08001c9e     0x4  exit.o [3]
  .text              ro code  0x08001ca4     0xa  cexit.o [5]
  .text              ro code  0x08001cb0    0x14  exit.o [6]
  .text              ro code  0x08001cc4    0x10  startup_stm32f407xx.o [1]
  .text              ro code  0x08001cd4    0x10  stm32f4xx_hal.o [1]
  .text              ro code  0x08001ce4    0x10  stm32f4xx_it.o [1]
  Initializer bytes  const    0x08001cf4    0x10  <for P2-1>
  .text              ro code  0x08001d04     0xc  cstartup_M.o [5]
  .text              ro code  0x08001d10     0x4  startup_stm32f407xx.o [1]
  .text              ro code  0x08001d14     0x4  startup_stm32f407xx.o [1]
  .text              ro code  0x08001d18     0x4  startup_stm32f407xx.o [1]
  .text              ro code  0x08001d1c     0x4  startup_stm32f407xx.o [1]
  .text              ro code  0x08001d20     0x4  startup_stm32f407xx.o [1]
  .text              ro code  0x08001d24     0x4  startup_stm32f407xx.o [1]
  .text              ro code  0x08001d28     0x4  startup_stm32f407xx.o [1]
  .text              ro code  0x08001d2c     0x4  startup_stm32f407xx.o [1]
  .text              ro code  0x08001d30     0x4  startup_stm32f407xx.o [1]
  .text              ro code  0x08001d34     0x4  startup_stm32f407xx.o [1]
  .text              ro code  0x08001d38     0x4  startup_stm32f407xx.o [1]
  .text              ro code  0x08001d3c     0x4  startup_stm32f407xx.o [1]
  .text              ro code  0x08001d40     0x4  startup_stm32f407xx.o [1]
  .text              ro code  0x08001d44     0x4  startup_stm32f407xx.o [1]
  .text              ro code  0x08001d48     0x4  startup_stm32f407xx.o [1]
  .text              ro code  0x08001d4c     0x4  startup_stm32f407xx.o [1]
  .text              ro code  0x08001d50     0x4  startup_stm32f407xx.o [1]
  .text              ro code  0x08001d54     0x4  startup_stm32f407xx.o [1]
  .text              ro code  0x08001d58     0x4  startup_stm32f407xx.o [1]
  .text              ro code  0x08001d5c     0x4  startup_stm32f407xx.o [1]
  .text              ro code  0x08001d60     0x4  startup_stm32f407xx.o [1]
  .text              ro code  0x08001d64     0x4  startup_stm32f407xx.o [1]
  .text              ro code  0x08001d68     0x4  startup_stm32f407xx.o [1]
  .text              ro code  0x08001d6c     0x4  startup_stm32f407xx.o [1]
  .text              ro code  0x08001d70     0x4  startup_stm32f407xx.o [1]
  .text              ro code  0x08001d74     0x4  startup_stm32f407xx.o [1]
  .text              ro code  0x08001d78     0x4  startup_stm32f407xx.o [1]
  .text              ro code  0x08001d7c     0x4  startup_stm32f407xx.o [1]
  .text              ro code  0x08001d80     0x4  startup_stm32f407xx.o [1]
  .text              ro code  0x08001d84     0x4  startup_stm32f407xx.o [1]
  .text              ro code  0x08001d88     0x4  startup_stm32f407xx.o [1]
  .text              ro code  0x08001d8c     0x4  startup_stm32f407xx.o [1]
  .text              ro code  0x08001d90     0x4  startup_stm32f407xx.o [1]
  .text              ro code  0x08001d94     0x4  startup_stm32f407xx.o [1]
  .text              ro code  0x08001d98     0x4  startup_stm32f407xx.o [1]
  .text              ro code  0x08001d9c     0x4  startup_stm32f407xx.o [1]
  .text              ro code  0x08001da0     0x4  startup_stm32f407xx.o [1]
  .text              ro code  0x08001da4     0x4  startup_stm32f407xx.o [1]
  .text              ro code  0x08001da8     0x4  startup_stm32f407xx.o [1]
  .text              ro code  0x08001dac     0x4  startup_stm32f407xx.o [1]
  .text              ro code  0x08001db0     0x4  startup_stm32f407xx.o [1]
  .text              ro code  0x08001db4     0x4  startup_stm32f407xx.o [1]
  .text              ro code  0x08001db8     0x4  startup_stm32f407xx.o [1]
  .text              ro code  0x08001dbc     0x4  startup_stm32f407xx.o [1]
  .text              ro code  0x08001dc0     0x4  startup_stm32f407xx.o [1]
  .text              ro code  0x08001dc4     0x4  startup_stm32f407xx.o [1]
  .text              ro code  0x08001dc8     0x4  startup_stm32f407xx.o [1]
  .text              ro code  0x08001dcc     0x4  startup_stm32f407xx.o [1]
  .text              ro code  0x08001dd0     0x4  startup_stm32f407xx.o [1]
  .text              ro code  0x08001dd4     0x4  startup_stm32f407xx.o [1]
  .text              ro code  0x08001dd8     0x4  startup_stm32f407xx.o [1]
  .text              ro code  0x08001ddc     0x4  startup_stm32f407xx.o [1]
  .text              ro code  0x08001de0     0x4  startup_stm32f407xx.o [1]
  .text              ro code  0x08001de4     0x4  startup_stm32f407xx.o [1]
  .text              ro code  0x08001de8     0x4  startup_stm32f407xx.o [1]
  .text              ro code  0x08001dec     0x4  startup_stm32f407xx.o [1]
  .text              ro code  0x08001df0     0x4  startup_stm32f407xx.o [1]
  .text              ro code  0x08001df4     0x4  startup_stm32f407xx.o [1]
  .text              ro code  0x08001df8     0x4  startup_stm32f407xx.o [1]
  .text              ro code  0x08001dfc     0x4  startup_stm32f407xx.o [1]
  .text              ro code  0x08001e00     0x4  startup_stm32f407xx.o [1]
  .text              ro code  0x08001e04     0x4  startup_stm32f407xx.o [1]
  .text              ro code  0x08001e08     0x4  startup_stm32f407xx.o [1]
  .text              ro code  0x08001e0c     0x4  startup_stm32f407xx.o [1]
  .text              ro code  0x08001e10     0x4  startup_stm32f407xx.o [1]
  .text              ro code  0x08001e14     0x4  startup_stm32f407xx.o [1]
  .text              ro code  0x08001e18     0x4  startup_stm32f407xx.o [1]
  .text              ro code  0x08001e1c     0x4  startup_stm32f407xx.o [1]
  .text              ro code  0x08001e20     0x4  startup_stm32f407xx.o [1]
  .text              ro code  0x08001e24     0x4  startup_stm32f407xx.o [1]
  .text              ro code  0x08001e28     0x4  startup_stm32f407xx.o [1]
  .text              ro code  0x08001e2c     0x4  startup_stm32f407xx.o [1]
  .text              ro code  0x08001e30     0x4  startup_stm32f407xx.o [1]
  .text              ro code  0x08001e34     0x4  startup_stm32f407xx.o [1]
  .text              ro code  0x08001e38     0x4  startup_stm32f407xx.o [1]
  .text              ro code  0x08001e3c     0x4  startup_stm32f407xx.o [1]
  .text              ro code  0x08001e40     0x4  startup_stm32f407xx.o [1]
  .text              ro code  0x08001e44     0x4  startup_stm32f407xx.o [1]
  .text              ro code  0x08001e48     0x4  startup_stm32f407xx.o [1]
  .text              ro code  0x08001e4c     0x4  startup_stm32f407xx.o [1]
  .text              ro code  0x08001e50     0x4  startup_stm32f407xx.o [1]
  .text              ro code  0x08001e54     0x4  startup_stm32f407xx.o [1]
  .text              ro code  0x08001e58     0x4  startup_stm32f407xx.o [1]
  .text              ro code  0x08001e5c     0x4  startup_stm32f407xx.o [1]
  .text              ro code  0x08001e60     0x4  startup_stm32f407xx.o [1]
  .text              ro code  0x08001e64     0x4  startup_stm32f407xx.o [1]
  .text              ro code  0x08001e68     0x4  startup_stm32f407xx.o [1]
  .text              ro code  0x08001e6c     0x4  startup_stm32f407xx.o [1]
  .rodata            const    0x08001e70     0x0  zero_init3.o [5]
  .rodata            const    0x08001e70     0x0  copy_init3.o [5]
                            - 0x08001e70  0x1ce8

"P2", part 1 of 3:                          0x10
  P2-1                        0x20000000    0x10  <Init block>
    .data            inited   0x20000000     0xc  stm32f4xx_hal.o [1]
    .data            inited   0x2000000c     0x4  system_stm32f4xx.o [1]
                            - 0x20000010    0x10

"P2", part 2 of 3:                         0x400
  CSTACK                      0x20000010   0x400  <Block>
    CSTACK           uninit   0x20000010   0x400  <Block tail>
                            - 0x20000410   0x400

"P2", part 3 of 3:                         0x10c
  .bss               zero     0x20000410    0x44  piloteCAN1.o [1]
  .bss               zero     0x20000454    0x40  main.o [1]
  .bss               zero     0x20000494    0x28  main.o [1]
  .bss               zero     0x200004bc    0x1c  piloteCAN1.o [1]
  .bss               zero     0x200004d8    0x14  processusClignotant.o [1]
  .bss               zero     0x200004ec    0x14  serviceBaseDeTemps.o [1]
  .bss               zero     0x20000500     0xc  interfaceB1.o [1]
  .bss               zero     0x2000050c     0xc  processusBoutonConnecte.o [1]
  .bss               zero     0x20000518     0x4  piloteTimer6Up.o [1]
                            - 0x2000051c   0x10c


*******************************************************************************
*** INIT TABLE
***

          Address     Size
          -------     ----
Zero (__iar_zero_init3)
    1 destination range, total size 0x10c:
          0x20000410  0x10c

Copy (__iar_copy_init3)
    1 source range, total size 0x10:
          0x08001cf4   0x10
    1 destination range, total size 0x10:
          0x20000000   0x10



*******************************************************************************
*** MODULE SUMMARY
***

    Module                     ro code  ro data  rw data
    ------                     -------  -------  -------
U:\FRÉDÉRIC DION\Projet\5e session\Logiciels\STM32F407VGT6\EWARM\247-637 S-0010 V7\Obj: [1]
    interfaceB1.o                  112                12
    interfaceT1.o                   18
    interfaceT2.o                   18
    interfaceT3.o                   18
    interfaceT4.o                   18
    main.o                       1 072               104
    piloteCAN1.o                   148                96
    piloteIOB1.o                    14
    piloteIOT1.o                    28
    piloteIOT2.o                    28
    piloteIOT3.o                    28
    piloteIOT4.o                    28
    piloteTimer6Up.o                40                 4
    processusBoutonConnecte.o      304                12
    processusClignotant.o          212                20
    serviceBaseDeTemps.o            72                20
    startup_stm32f407xx.o          760
    stm32f4xx_hal.o                152       12       12
    stm32f4xx_hal_can.o          1 172
    stm32f4xx_hal_cortex.o         240
    stm32f4xx_hal_gpio.o           492
    stm32f4xx_hal_msp.o            232
    stm32f4xx_hal_rcc.o          1 144
    stm32f4xx_hal_tim.o            640
    stm32f4xx_hal_tim_ex.o          68
    stm32f4xx_it.o                  16
    system_stm32f4xx.o              96        4        4
    ----------------------------------------------------
    Total:                       7 170       16      284

command line: [2]
    ----------------------------------------------------
    Total:

dl7M_tln.a: [3]
    exit.o                           4
    low_level_init.o                 4
    ----------------------------------------------------
    Total:                           8

m7M_tls.a: [4]
    fpinit_M.o                      34
    ----------------------------------------------------
    Total:                          34

rt7M_tl.a: [5]
    ABImemclr4.o                     6
    ABImemset48.o                   50
    I64DivMod.o                    238
    I64DivZer.o                      2
    cexit.o                         10
    cmain.o                         26
    copy_init3.o                    44
    cstartup_M.o                    12
    data_init.o                     40
    zero_init3.o                    64
    ----------------------------------------------------
    Total:                         492

shb_l.a: [6]
    exit.o                          20
    ----------------------------------------------------
    Total:                          20

    Gaps                            14        2
    Linker created                           36    1 024
--------------------------------------------------------
    Grand Total:                 7 738       54    1 308


*******************************************************************************
*** ENTRY LIST
***

Entry                      Address   Size  Type      Object
-----                      -------   ----  ----      ------
.iar.init_table$$Base   0x08001c5c          --   Gb  - Linker created -
.iar.init_table$$Limit  0x08001c80          --   Gb  - Linker created -
?main                   0x08001c81         Code  Gb  cmain.o [5]
AHBPrescTable           0x08001b94   0x10  Data  Gb  system_stm32f4xx.o [1]
CSTACK$$Base            0x20000010          --   Gb  - Linker created -
CSTACK$$Limit           0x20000410          --   Gb  - Linker created -
Error_Handler           0x08000e1d    0x2  Code  Gb  main.o [1]
HAL_CAN_AddTxMessage    0x08000409   0xde  Code  Gb  stm32f4xx_hal_can.o [1]
HAL_CAN_ConfigFilter    0x080002bb   0xec  Code  Gb  stm32f4xx_hal_can.o [1]
HAL_CAN_GetRxMessage    0x080004e7  0x136  Code  Gb  stm32f4xx_hal_can.o [1]
HAL_CAN_Init            0x08000189  0x132  Code  Gb  stm32f4xx_hal_can.o [1]
HAL_CAN_MspInit         0x08000655   0x64  Code  Gb  stm32f4xx_hal_msp.o [1]
HAL_CAN_Start           0x080003a7   0x58  Code  Gb  stm32f4xx_hal_can.o [1]
HAL_GPIO_Init           0x08000809  0x1a2  Code  Gb  stm32f4xx_hal_gpio.o [1]
HAL_GPIO_ReadPin        0x080009ab    0xe  Code  Gb  stm32f4xx_hal_gpio.o [1]
HAL_GPIO_WritePin       0x080009b9    0xe  Code  Gb  stm32f4xx_hal_gpio.o [1]
HAL_GetTick             0x08000705    0xc  Code  Wk  stm32f4xx_hal.o [1]
HAL_IncTick             0x08001cd5   0x10  Code  Wk  stm32f4xx_hal.o [1]
HAL_Init                0x08001299   0x30  Code  Gb  stm32f4xx_hal.o [1]
HAL_InitTick            0x080019fd   0x48  Code  Wk  stm32f4xx_hal.o [1]
HAL_MspInit             0x0800061d   0x38  Code  Gb  stm32f4xx_hal_msp.o [1]
HAL_NVIC_EnableIRQ      0x080007e3    0x2  Code  Gb  stm32f4xx_hal_cortex.o [1]
HAL_NVIC_SetPriority    0x080007c5   0x1e  Code  Gb  stm32f4xx_hal_cortex.o [1]
HAL_NVIC_SetPriorityGrouping
                        0x080007c3    0x2  Code  Gb  stm32f4xx_hal_cortex.o [1]
HAL_RCC_ClockConfig     0x080015c1  0x10e  Code  Gb  stm32f4xx_hal_rcc.o [1]
HAL_RCC_GetSysClockFreq
                        0x080016e1   0x64  Code  Wk  stm32f4xx_hal_rcc.o [1]
HAL_RCC_OscConfig       0x080012cd  0x2f4  Code  Wk  stm32f4xx_hal_rcc.o [1]
HAL_SYSTICK_Config      0x080007e5    0x2  Code  Gb  stm32f4xx_hal_cortex.o [1]
HAL_TIMEx_BreakCallback
                        0x08001b39    0x2  Code  Wk  stm32f4xx_hal_tim_ex.o [1]
HAL_TIMEx_CommutCallback
                        0x08001b3d    0x2  Code  Wk  stm32f4xx_hal_tim_ex.o [1]
HAL_TIMEx_MasterConfigSynchronization
                        0x080019bd   0x40  Code  Gb  stm32f4xx_hal_tim_ex.o [1]
HAL_TIM_Base_Init       0x08001745   0x32  Code  Gb  stm32f4xx_hal_tim.o [1]
HAL_TIM_Base_MspInit    0x080006b9   0x38  Code  Gb  stm32f4xx_hal_msp.o [1]
HAL_TIM_Base_Start_IT   0x08001777   0x22  Code  Gb  stm32f4xx_hal_tim.o [1]
HAL_TIM_IC_CaptureCallback
                        0x08001b33    0x2  Code  Wk  stm32f4xx_hal_tim.o [1]
HAL_TIM_IRQHandler      0x08001799  0x152  Code  Gb  stm32f4xx_hal_tim.o [1]
HAL_TIM_OC_DelayElapsedCallback
                        0x08001b35    0x2  Code  Wk  stm32f4xx_hal_tim.o [1]
HAL_TIM_PWM_PulseFinishedCallback
                        0x08001b37    0x2  Code  Wk  stm32f4xx_hal_tim.o [1]
HAL_TIM_PeriodElapsedCallback
                        0x08000e59    0xe  Code  Gb  piloteTimer6Up.o [1]
HAL_TIM_TriggerCallback
                        0x08001b3b    0x2  Code  Wk  stm32f4xx_hal_tim.o [1]
MX_CAN1_Init            0x08000b3f   0x30  Code  Lc  main.o [1]
MX_GPIO_Init            0x08000bbb  0x228  Code  Lc  main.o [1]
MX_TIM6_Init            0x08000b6f   0x4c  Code  Lc  main.o [1]
NVIC_EncodePriority     0x08000765   0x36  Code  Lc  stm32f4xx_hal_cortex.o [1]
Region$$Table$$Base     0x08001c5c          --   Gb  - Linker created -
Region$$Table$$Limit    0x08001c80          --   Gb  - Linker created -
SysTick_Config          0x0800079b   0x28  Code  Lc  stm32f4xx_hal_cortex.o [1]
SysTick_Handler         0x08001ce5    0x4  Code  Gb  stm32f4xx_it.o [1]
SystemClock_Config      0x08000a97   0xa8  Code  Gb  main.o [1]
SystemCoreClock         0x2000000c    0x4  Data  Gb  system_stm32f4xx.o [1]
SystemInit              0x08001b45   0x3a  Code  Gb  system_stm32f4xx.o [1]
TIM6_DAC_IRQHandler     0x08001ce9    0x6  Code  Gb  stm32f4xx_it.o [1]
TIM_Base_SetConfig      0x080018eb   0xa6  Code  Gb  stm32f4xx_hal_tim.o [1]
__NVIC_EnableIRQ        0x08000735   0x16  Code  Lc  stm32f4xx_hal_cortex.o [1]
__NVIC_GetPriorityGrouping
                        0x0800072b    0xa  Code  Lc  stm32f4xx_hal_cortex.o [1]
__NVIC_SetPriority      0x0800074b   0x1a  Code  Lc  stm32f4xx_hal_cortex.o [1]
__NVIC_SetPriorityGrouping
                        0x08000711   0x1a  Code  Lc  stm32f4xx_hal_cortex.o [1]
__aeabi_ldiv0           0x08001b41         Code  Gb  I64DivZer.o [5]
__aeabi_memclr4         0x08000801         Code  Gb  ABImemclr4.o [5]
__aeabi_uldivmod        0x08001a45         Code  Gb  I64DivMod.o [5]
__cmain                 0x08001c81         Code  Gb  cmain.o [5]
__exit                  0x08001cb1   0x14  Code  Gb  exit.o [6]
__iar_Memset4_word      0x080009f5         Code  Gb  ABImemset48.o [5]
__iar_Memset8_word      0x080009f5         Code  Gb  ABImemset48.o [5]
__iar_copy_init3        0x08001be5   0x2c  Code  Gb  copy_init3.o [5]
__iar_data_init3        0x08001c11   0x28  Code  Gb  data_init.o [5]
__iar_init_vfp          0x08001c39         Code  Gb  fpinit_M.o [4]
__iar_program_start     0x08001d05         Code  Gb  cstartup_M.o [5]
__iar_zero_init3        0x08001ba5   0x40  Code  Gb  zero_init3.o [5]
__low_level_init        0x08001c9b    0x4  Code  Gb  low_level_init.o [3]
__vector_table          0x08000000         Data  Gb  startup_stm32f407xx.o [1]
_call_main              0x08001c8d         Code  Gb  cmain.o [5]
_exit                   0x08001ca5         Code  Gb  cexit.o [5]
_main                   0x08001c97         Code  Gb  cmain.o [5]
communication           0x2000050c    0x8  Data  Gb  processusBoutonConnecte.o [1]
compteurAntiRebond      0x20000508    0x4  Data  Gb  interfaceB1.o [1]
compteurAvantLecture    0x20000504    0x4  Data  Gb  interfaceB1.o [1]
exit                    0x08001c9f    0x4  Code  Gb  exit.o [3]
hcan1                   0x20000494   0x28  Data  Gb  main.o [1]
htim6                   0x20000454   0x40  Data  Gb  main.o [1]
interfaceB1             0x20000500    0x4  Data  Gb  interfaceB1.o [1]
interfaceB1_gere        0x08000f49   0x4a  Code  Gb  interfaceB1.o [1]
interfaceB1_initialise  0x08000f93   0x1a  Code  Gb  interfaceB1.o [1]
interfaceT1_allume      0x08000fb9    0x6  Code  Gb  interfaceT1.o [1]
interfaceT1_eteint      0x08000fbf    0x6  Code  Gb  interfaceT1.o [1]
interfaceT1_initialise  0x08000fc5    0x6  Code  Gb  interfaceT1.o [1]
interfaceT2_allume      0x08000fcb    0x6  Code  Gb  interfaceT2.o [1]
interfaceT2_eteint      0x08000fd1    0x6  Code  Gb  interfaceT2.o [1]
interfaceT2_initialise  0x08000fd7    0x6  Code  Gb  interfaceT2.o [1]
interfaceT3_allume      0x08000fdd    0x6  Code  Gb  interfaceT3.o [1]
interfaceT3_eteint      0x08000fe3    0x6  Code  Gb  interfaceT3.o [1]
interfaceT3_initialise  0x08000fe9    0x6  Code  Gb  interfaceT3.o [1]
interfaceT4_allume      0x08000fef    0x6  Code  Gb  interfaceT4.o [1]
interfaceT4_eteint      0x08000ff5    0x6  Code  Gb  interfaceT4.o [1]
interfaceT4_initialise  0x08000ffb    0x6  Code  Gb  interfaceT4.o [1]
main                    0x08000a77   0x20  Code  Gb  main.o [1]
main_initialiseApresLeHAL
                        0x08000a67    0xe  Code  Gb  main.o [1]
main_initialiseAvantLeHAL
                        0x08000a29   0x3e  Code  Gb  main.o [1]
neFaitRien              0x08000a75    0x2  Code  Gb  main.o [1]
piloteCAN1_CasierPostal
                        0x20000450    0x4  Data  Gb  piloteCAN1.o [1]
piloteCAN1_filtre       0x20000428   0x28  Data  Gb  piloteCAN1.o [1]
piloteCAN1_initialise   0x0800123b   0x4e  Code  Gb  piloteCAN1.o [1]
piloteCAN1_litUnMessageRecu
                        0x08001205   0x16  Code  Gb  piloteCAN1.o [1]
piloteCAN1_reception    0x200004bc   0x1c  Data  Gb  piloteCAN1.o [1]
piloteCAN1_transmetDesDonnes
                        0x0800121b   0x20  Code  Gb  piloteCAN1.o [1]
piloteCAN1_transmission
                        0x20000410   0x18  Data  Gb  piloteCAN1.o [1]
piloteIOB1_initialise   0x08000e8d    0x2  Code  Gb  piloteIOB1.o [1]
piloteIOB1_litLEntree   0x08000e81    0x8  Code  Gb  piloteIOB1.o [1]
piloteIOT1_initialise   0x08000e9d    0xc  Code  Gb  piloteIOT1.o [1]
piloteIOT1_metLaSortieA
                        0x08000e91    0xc  Code  Gb  piloteIOT1.o [1]
piloteIOT2_initialise   0x08000eb9    0xc  Code  Gb  piloteIOT2.o [1]
piloteIOT2_metLaSortieA
                        0x08000ead    0xc  Code  Gb  piloteIOT2.o [1]
piloteIOT3_initialise   0x08000ed5    0xc  Code  Gb  piloteIOT3.o [1]
piloteIOT3_metLaSortieA
                        0x08000ec9    0xc  Code  Gb  piloteIOT3.o [1]
piloteIOT4_initialise   0x08000ef1    0xc  Code  Gb  piloteIOT4.o [1]
piloteIOT4_metLaSortieA
                        0x08000ee5    0xc  Code  Gb  piloteIOT4.o [1]
piloteTimer6Up_execute  0x20000518    0x4  Data  Gb  piloteTimer6Up.o [1]
piloteTimer6Up_initialise
                        0x08000e6d    0x8  Code  Gb  piloteTimer6Up.o [1]
piloteTimer6Up_permetLesInterruptions
                        0x08000e67    0x6  Code  Gb  piloteTimer6Up.o [1]
processusBoutonConnecte_attendApresLeBouton
                        0x0800111b   0x14  Code  Gb  processusBoutonConnecte.o [1]
processusBoutonConnecte_attendUneDemande
                        0x08001131   0x32  Code  Gb  processusBoutonConnecte.o [1]
processusBoutonConnecte_attendUneReponse
                        0x08001165   0x60  Code  Gb  processusBoutonConnecte.o [1]
processusBoutonConnecte_changeT2
                        0x080010d5   0x18  Code  Gb  processusBoutonConnecte.o [1]
processusBoutonConnecte_compteur
                        0x20000515    0x1  Data  Gb  processusBoutonConnecte.o [1]
processusBoutonConnecte_etatDeT2
                        0x20000514    0x1  Data  Gb  processusBoutonConnecte.o [1]
processusBoutonConnecte_initialise
                        0x080011c5   0x2a  Code  Gb  processusBoutonConnecte.o [1]
processusBoutonConnecte_octetsATransmettre
                        0x20000517    0x1  Data  Gb  processusBoutonConnecte.o [1]
processusBoutonConnecte_octetsRecus
                        0x20000516    0x1  Data  Gb  processusBoutonConnecte.o [1]
processusBoutonConnecte_traiteLesDonneesRecues
                        0x08001109   0x12  Code  Gb  processusBoutonConnecte.o [1]
processusBoutonConnecte_valideLesDonneesRecues
                        0x080010ed   0x1c  Code  Gb  processusBoutonConnecte.o [1]
processusClignotant_allumeLongtemps
                        0x0800108d   0x22  Code  Gb  processusClignotant.o [1]
processusClignotant_allumeUnPeu
                        0x08001031   0x38  Code  Gb  processusClignotant.o [1]
processusClignotant_compteur
                        0x200004e8    0x4  Data  Gb  processusClignotant.o [1]
processusClignotant_donneesATransmettre
                        0x200004e0    0x8  Data  Gb  processusClignotant.o [1]
processusClignotant_donneesRecues
                        0x200004d8    0x8  Data  Gb  processusClignotant.o [1]
processusClignotant_eteintLongtemps
                        0x08001069   0x24  Code  Gb  processusClignotant.o [1]
processusClignotant_eteintUnPeu
                        0x08001001   0x30  Code  Gb  processusClignotant.o [1]
processusClignotant_initialise
                        0x080010af   0x18  Code  Gb  processusClignotant.o [1]
serviceBaseDeTemps_execute
                        0x200004ec   0x14  Data  Gb  serviceBaseDeTemps.o [1]
serviceBaseDeTemps_gere
                        0x08000f01   0x1a  Code  Gb  serviceBaseDeTemps.o [1]
serviceBaseDeTemps_initialise
                        0x08000f1b   0x1e  Code  Gb  serviceBaseDeTemps.o [1]
uwTick                  0x20000004    0x4  Data  Gb  stm32f4xx_hal.o [1]
uwTickFreq              0x20000000    0x1  Data  Gb  stm32f4xx_hal.o [1]
uwTickPrio              0x20000008    0x4  Data  Gb  stm32f4xx_hal.o [1]


[1] = U:\FRÉDÉRIC DION\Projet\5e session\Logiciels\STM32F407VGT6\EWARM\247-637 S-0010 V7\Obj
[2] = command line
[3] = dl7M_tln.a
[4] = m7M_tls.a
[5] = rt7M_tl.a
[6] = shb_l.a

  7 738 bytes of readonly  code memory
     54 bytes of readonly  data memory
  1 308 bytes of readwrite data memory

Errors: none
Warnings: none
