###############################################################################
#
# IAR ELF Linker V7.80.1.11864/W32 for ARM                08/Dec/2019  12:55:37
# Copyright 2007-2016 IAR Systems AB.
#
#    Output file  =  
#        U:\FRÉDÉRIC DION\Projet\5e
#        session\Logiciels\STM32F407VGT6\EWARM\247-637 S-0010 V7\Exe\247-637
#        S-0010 V7.out
#    Map file     =  
#        U:\FRÉDÉRIC DION\Projet\5e
#        session\Logiciels\STM32F407VGT6\EWARM\247-637 S-0010 V7\List\247-637
#        S-0010 V7.map
#    Command line =  
#        "U:\FRÉDÉRIC DION\Projet\5e
#        session\Logiciels\STM32F407VGT6\EWARM\247-637 S-0010
#        V7\Obj\interfaceT1.o" "U:\FRÉDÉRIC DION\Projet\5e
#        session\Logiciels\STM32F407VGT6\EWARM\247-637 S-0010
#        V7\Obj\interfaceT2.o" "U:\FRÉDÉRIC DION\Projet\5e
#        session\Logiciels\STM32F407VGT6\EWARM\247-637 S-0010
#        V7\Obj\interfaceT3.o" "U:\FRÉDÉRIC DION\Projet\5e
#        session\Logiciels\STM32F407VGT6\EWARM\247-637 S-0010
#        V7\Obj\interfaceT4.o" "U:\FRÉDÉRIC DION\Projet\5e
#        session\Logiciels\STM32F407VGT6\EWARM\247-637 S-0010 V7\Obj\main.o"
#        "U:\FRÉDÉRIC DION\Projet\5e
#        session\Logiciels\STM32F407VGT6\EWARM\247-637 S-0010
#        V7\Obj\piloteCAN1.o" "U:\FRÉDÉRIC DION\Projet\5e
#        session\Logiciels\STM32F407VGT6\EWARM\247-637 S-0010
#        V7\Obj\piloteIOB1.o" "U:\FRÉDÉRIC DION\Projet\5e
#        session\Logiciels\STM32F407VGT6\EWARM\247-637 S-0010
#        V7\Obj\piloteIOT1.o" "U:\FRÉDÉRIC DION\Projet\5e
#        session\Logiciels\STM32F407VGT6\EWARM\247-637 S-0010
#        V7\Obj\piloteIOT2.o" "U:\FRÉDÉRIC DION\Projet\5e
#        session\Logiciels\STM32F407VGT6\EWARM\247-637 S-0010
#        V7\Obj\piloteIOT3.o" "U:\FRÉDÉRIC DION\Projet\5e
#        session\Logiciels\STM32F407VGT6\EWARM\247-637 S-0010
#        V7\Obj\piloteIOT4.o" "U:\FRÉDÉRIC DION\Projet\5e
#        session\Logiciels\STM32F407VGT6\EWARM\247-637 S-0010
#        V7\Obj\piloteTimer6Up.o" "U:\FRÉDÉRIC DION\Projet\5e
#        session\Logiciels\STM32F407VGT6\EWARM\247-637 S-0010
#        V7\Obj\processusBoutonConnecte.o" "U:\FRÉDÉRIC DION\Projet\5e
#        session\Logiciels\STM32F407VGT6\EWARM\247-637 S-0010
#        V7\Obj\processusClignotant.o" "U:\FRÉDÉRIC DION\Projet\5e
#        session\Logiciels\STM32F407VGT6\EWARM\247-637 S-0010
#        V7\Obj\serviceBaseDeTemps.o" "U:\FRÉDÉRIC DION\Projet\5e
#        session\Logiciels\STM32F407VGT6\EWARM\247-637 S-0010
#        V7\Obj\startup_stm32f407xx.o" "U:\FRÉDÉRIC DION\Projet\5e
#        session\Logiciels\STM32F407VGT6\EWARM\247-637 S-0010
#        V7\Obj\stm32f4xx_hal.o" "U:\FRÉDÉRIC DION\Projet\5e
#        session\Logiciels\STM32F407VGT6\EWARM\247-637 S-0010
#        V7\Obj\stm32f4xx_hal_can.o" "U:\FRÉDÉRIC DION\Projet\5e
#        session\Logiciels\STM32F407VGT6\EWARM\247-637 S-0010
#        V7\Obj\stm32f4xx_hal_cortex.o" "U:\FRÉDÉRIC DION\Projet\5e
#        session\Logiciels\STM32F407VGT6\EWARM\247-637 S-0010
#        V7\Obj\stm32f4xx_hal_dma.o" "U:\FRÉDÉRIC DION\Projet\5e
#        session\Logiciels\STM32F407VGT6\EWARM\247-637 S-0010
#        V7\Obj\stm32f4xx_hal_dma_ex.o" "U:\FRÉDÉRIC DION\Projet\5e
#        session\Logiciels\STM32F407VGT6\EWARM\247-637 S-0010
#        V7\Obj\stm32f4xx_hal_exti.o" "U:\FRÉDÉRIC DION\Projet\5e
#        session\Logiciels\STM32F407VGT6\EWARM\247-637 S-0010
#        V7\Obj\stm32f4xx_hal_flash.o" "U:\FRÉDÉRIC DION\Projet\5e
#        session\Logiciels\STM32F407VGT6\EWARM\247-637 S-0010
#        V7\Obj\stm32f4xx_hal_flash_ex.o" "U:\FRÉDÉRIC DION\Projet\5e
#        session\Logiciels\STM32F407VGT6\EWARM\247-637 S-0010
#        V7\Obj\stm32f4xx_hal_flash_ramfunc.o" "U:\FRÉDÉRIC DION\Projet\5e
#        session\Logiciels\STM32F407VGT6\EWARM\247-637 S-0010
#        V7\Obj\stm32f4xx_hal_gpio.o" "U:\FRÉDÉRIC DION\Projet\5e
#        session\Logiciels\STM32F407VGT6\EWARM\247-637 S-0010
#        V7\Obj\stm32f4xx_hal_msp.o" "U:\FRÉDÉRIC DION\Projet\5e
#        session\Logiciels\STM32F407VGT6\EWARM\247-637 S-0010
#        V7\Obj\stm32f4xx_hal_pwr.o" "U:\FRÉDÉRIC DION\Projet\5e
#        session\Logiciels\STM32F407VGT6\EWARM\247-637 S-0010
#        V7\Obj\stm32f4xx_hal_pwr_ex.o" "U:\FRÉDÉRIC DION\Projet\5e
#        session\Logiciels\STM32F407VGT6\EWARM\247-637 S-0010
#        V7\Obj\stm32f4xx_hal_rcc.o" "U:\FRÉDÉRIC DION\Projet\5e
#        session\Logiciels\STM32F407VGT6\EWARM\247-637 S-0010
#        V7\Obj\stm32f4xx_hal_rcc_ex.o" "U:\FRÉDÉRIC DION\Projet\5e
#        session\Logiciels\STM32F407VGT6\EWARM\247-637 S-0010
#        V7\Obj\stm32f4xx_hal_tim.o" "U:\FRÉDÉRIC DION\Projet\5e
#        session\Logiciels\STM32F407VGT6\EWARM\247-637 S-0010
#        V7\Obj\stm32f4xx_hal_tim_ex.o" "U:\FRÉDÉRIC DION\Projet\5e
#        session\Logiciels\STM32F407VGT6\EWARM\247-637 S-0010
#        V7\Obj\stm32f4xx_hal_uart.o" "U:\FRÉDÉRIC DION\Projet\5e
#        session\Logiciels\STM32F407VGT6\EWARM\247-637 S-0010
#        V7\Obj\stm32f4xx_it.o" "U:\FRÉDÉRIC DION\Projet\5e
#        session\Logiciels\STM32F407VGT6\EWARM\247-637 S-0010
#        V7\Obj\system_stm32f4xx.o" --redirect _Printf=_PrintfFull --redirect
#        _Scanf=_ScanfFull -o "U:\FRÉDÉRIC DION\Projet\5e
#        session\Logiciels\STM32F407VGT6\EWARM\247-637 S-0010 V7\Exe\247-637
#        S-0010 V7.out" --map "U:\FRÉDÉRIC DION\Projet\5e
#        session\Logiciels\STM32F407VGT6\EWARM\247-637 S-0010 V7\List\247-637
#        S-0010 V7.map" --config "U:\FRÉDÉRIC DION\Projet\5e
#        session\Logiciels\STM32F407VGT6\EWARM/stm32f407xx_flash.icf"
#        --semihosting --entry __iar_program_start --vfe
#
###############################################################################

*******************************************************************************
*** RUNTIME MODEL ATTRIBUTES
***

CppFlavor       = *
__SystemLibrary = DLib


*******************************************************************************
*** PLACEMENT SUMMARY
***

"A0":  place at 0x08000000 { ro section .intvec };
"P1":  place in [from 0x08000000 to 0x080fffff] { ro };
"P2":  place in [from 0x20000000 to 0x2001ffff] { rw, block CSTACK, block HEAP };
initialize by copy { rw };

  Section            Kind        Address    Size  Object
  -------            ----        -------    ----  ------
"A0":                                      0x188
  .intvec            ro code  0x08000000   0x188  startup_stm32f407xx.o [1]
                            - 0x08000188   0x188

"P1":                                     0x1bd0
  .text              ro code  0x08000188   0x494  stm32f4xx_hal_can.o [1]
  .text              ro code  0x0800061c    0xe8  stm32f4xx_hal_msp.o [1]
  .text              ro code  0x08000704     0xc  stm32f4xx_hal.o [1]
  .text              ro code  0x08000710    0xf0  stm32f4xx_hal_cortex.o [1]
  .text              ro code  0x08000800     0x6  ABImemclr4.o [5]
  .text              ro code  0x08000808   0x1dc  stm32f4xx_hal_gpio.o [1]
  .text              ro code  0x080009e4    0x32  ABImemset48.o [5]
  .text              ro code  0x08000a18   0x42c  main.o [1]
  .text              ro code  0x08000e44    0x28  piloteTimer6Up.o [1]
  .text              ro code  0x08000e6c     0x2  piloteIOB1.o [1]
  .text              ro code  0x08000e70    0x1c  piloteIOT1.o [1]
  .text              ro code  0x08000e8c    0x1c  piloteIOT2.o [1]
  .text              ro code  0x08000ea8    0x1c  piloteIOT3.o [1]
  .text              ro code  0x08000ec4    0x1c  piloteIOT4.o [1]
  .text              ro code  0x08000ee0    0x48  serviceBaseDeTemps.o [1]
  .text              ro code  0x08000f28    0x12  interfaceT1.o [1]
  .text              ro code  0x08000f3a    0x12  interfaceT2.o [1]
  .text              ro code  0x08000f4c    0x12  interfaceT3.o [1]
  .text              ro code  0x08000f5e    0x12  interfaceT4.o [1]
  .text              ro code  0x08000f70    0xac  processusClignotant.o [1]
  .text              ro code  0x0800101c    0xcc  processusBoutonConnecte.o [1]
  .text              ro code  0x080010e8    0x98  piloteCAN1.o [1]
  .text              ro code  0x08001180    0x34  stm32f4xx_hal.o [1]
  .text              ro code  0x080011b4   0x2f4  stm32f4xx_hal_rcc.o [1]
  .text              ro code  0x080014a8   0x184  stm32f4xx_hal_rcc.o [1]
  .text              ro code  0x0800162c   0x278  stm32f4xx_hal_tim.o [1]
  .text              ro code  0x080018a4    0x40  stm32f4xx_hal_tim_ex.o [1]
  .text              ro code  0x080018e4    0x48  stm32f4xx_hal.o [1]
  .text              ro code  0x0800192c    0xee  I64DivMod.o [5]
  .text              ro code  0x08001a1a     0x2  stm32f4xx_hal_tim.o [1]
  .text              ro code  0x08001a1c     0x2  stm32f4xx_hal_tim.o [1]
  .text              ro code  0x08001a1e     0x2  stm32f4xx_hal_tim.o [1]
  .text              ro code  0x08001a20     0x2  stm32f4xx_hal_tim_ex.o [1]
  .text              ro code  0x08001a22     0x2  stm32f4xx_hal_tim.o [1]
  .text              ro code  0x08001a24     0x2  stm32f4xx_hal_tim_ex.o [1]
  .text              ro code  0x08001a28     0x2  I64DivZer.o [5]
  .text              ro code  0x08001a2c    0x60  system_stm32f4xx.o [1]
  .text              ro code  0x08001a8c    0x40  zero_init3.o [5]
  .text              ro code  0x08001acc    0x2c  copy_init3.o [5]
  .text              ro code  0x08001af8    0x28  data_init.o [5]
  .text              ro code  0x08001b20    0x22  fpinit_M.o [4]
  .iar.init_table    const    0x08001b44    0x24  - Linker created -
  .text              ro code  0x08001b68    0x1a  cmain.o [5]
  .text              ro code  0x08001b82     0x4  low_level_init.o [3]
  .text              ro code  0x08001b86     0x4  exit.o [3]
  .text              ro code  0x08001b8c     0xa  cexit.o [5]
  .text              ro code  0x08001b98    0x14  exit.o [6]
  .text              ro code  0x08001bac    0x10  startup_stm32f407xx.o [1]
  .text              ro code  0x08001bbc    0x10  stm32f4xx_hal.o [1]
  .text              ro code  0x08001bcc    0x10  stm32f4xx_it.o [1]
  Initializer bytes  const    0x08001bdc    0x10  <for P2-1>
  .text              ro code  0x08001bec     0xc  cstartup_M.o [5]
  .text              ro code  0x08001bf8     0x4  startup_stm32f407xx.o [1]
  .text              ro code  0x08001bfc     0x4  startup_stm32f407xx.o [1]
  .text              ro code  0x08001c00     0x4  startup_stm32f407xx.o [1]
  .text              ro code  0x08001c04     0x4  startup_stm32f407xx.o [1]
  .text              ro code  0x08001c08     0x4  startup_stm32f407xx.o [1]
  .text              ro code  0x08001c0c     0x4  startup_stm32f407xx.o [1]
  .text              ro code  0x08001c10     0x4  startup_stm32f407xx.o [1]
  .text              ro code  0x08001c14     0x4  startup_stm32f407xx.o [1]
  .text              ro code  0x08001c18     0x4  startup_stm32f407xx.o [1]
  .text              ro code  0x08001c1c     0x4  startup_stm32f407xx.o [1]
  .text              ro code  0x08001c20     0x4  startup_stm32f407xx.o [1]
  .text              ro code  0x08001c24     0x4  startup_stm32f407xx.o [1]
  .text              ro code  0x08001c28     0x4  startup_stm32f407xx.o [1]
  .text              ro code  0x08001c2c     0x4  startup_stm32f407xx.o [1]
  .text              ro code  0x08001c30     0x4  startup_stm32f407xx.o [1]
  .text              ro code  0x08001c34     0x4  startup_stm32f407xx.o [1]
  .text              ro code  0x08001c38     0x4  startup_stm32f407xx.o [1]
  .text              ro code  0x08001c3c     0x4  startup_stm32f407xx.o [1]
  .text              ro code  0x08001c40     0x4  startup_stm32f407xx.o [1]
  .text              ro code  0x08001c44     0x4  startup_stm32f407xx.o [1]
  .text              ro code  0x08001c48     0x4  startup_stm32f407xx.o [1]
  .text              ro code  0x08001c4c     0x4  startup_stm32f407xx.o [1]
  .text              ro code  0x08001c50     0x4  startup_stm32f407xx.o [1]
  .text              ro code  0x08001c54     0x4  startup_stm32f407xx.o [1]
  .text              ro code  0x08001c58     0x4  startup_stm32f407xx.o [1]
  .text              ro code  0x08001c5c     0x4  startup_stm32f407xx.o [1]
  .text              ro code  0x08001c60     0x4  startup_stm32f407xx.o [1]
  .text              ro code  0x08001c64     0x4  startup_stm32f407xx.o [1]
  .text              ro code  0x08001c68     0x4  startup_stm32f407xx.o [1]
  .text              ro code  0x08001c6c     0x4  startup_stm32f407xx.o [1]
  .text              ro code  0x08001c70     0x4  startup_stm32f407xx.o [1]
  .text              ro code  0x08001c74     0x4  startup_stm32f407xx.o [1]
  .text              ro code  0x08001c78     0x4  startup_stm32f407xx.o [1]
  .text              ro code  0x08001c7c     0x4  startup_stm32f407xx.o [1]
  .text              ro code  0x08001c80     0x4  startup_stm32f407xx.o [1]
  .text              ro code  0x08001c84     0x4  startup_stm32f407xx.o [1]
  .text              ro code  0x08001c88     0x4  startup_stm32f407xx.o [1]
  .text              ro code  0x08001c8c     0x4  startup_stm32f407xx.o [1]
  .text              ro code  0x08001c90     0x4  startup_stm32f407xx.o [1]
  .text              ro code  0x08001c94     0x4  startup_stm32f407xx.o [1]
  .text              ro code  0x08001c98     0x4  startup_stm32f407xx.o [1]
  .text              ro code  0x08001c9c     0x4  startup_stm32f407xx.o [1]
  .text              ro code  0x08001ca0     0x4  startup_stm32f407xx.o [1]
  .text              ro code  0x08001ca4     0x4  startup_stm32f407xx.o [1]
  .text              ro code  0x08001ca8     0x4  startup_stm32f407xx.o [1]
  .text              ro code  0x08001cac     0x4  startup_stm32f407xx.o [1]
  .text              ro code  0x08001cb0     0x4  startup_stm32f407xx.o [1]
  .text              ro code  0x08001cb4     0x4  startup_stm32f407xx.o [1]
  .text              ro code  0x08001cb8     0x4  startup_stm32f407xx.o [1]
  .text              ro code  0x08001cbc     0x4  startup_stm32f407xx.o [1]
  .text              ro code  0x08001cc0     0x4  startup_stm32f407xx.o [1]
  .text              ro code  0x08001cc4     0x4  startup_stm32f407xx.o [1]
  .text              ro code  0x08001cc8     0x4  startup_stm32f407xx.o [1]
  .text              ro code  0x08001ccc     0x4  startup_stm32f407xx.o [1]
  .text              ro code  0x08001cd0     0x4  startup_stm32f407xx.o [1]
  .text              ro code  0x08001cd4     0x4  startup_stm32f407xx.o [1]
  .text              ro code  0x08001cd8     0x4  startup_stm32f407xx.o [1]
  .text              ro code  0x08001cdc     0x4  startup_stm32f407xx.o [1]
  .text              ro code  0x08001ce0     0x4  startup_stm32f407xx.o [1]
  .text              ro code  0x08001ce4     0x4  startup_stm32f407xx.o [1]
  .text              ro code  0x08001ce8     0x4  startup_stm32f407xx.o [1]
  .text              ro code  0x08001cec     0x4  startup_stm32f407xx.o [1]
  .text              ro code  0x08001cf0     0x4  startup_stm32f407xx.o [1]
  .text              ro code  0x08001cf4     0x4  startup_stm32f407xx.o [1]
  .text              ro code  0x08001cf8     0x4  startup_stm32f407xx.o [1]
  .text              ro code  0x08001cfc     0x4  startup_stm32f407xx.o [1]
  .text              ro code  0x08001d00     0x4  startup_stm32f407xx.o [1]
  .text              ro code  0x08001d04     0x4  startup_stm32f407xx.o [1]
  .text              ro code  0x08001d08     0x4  startup_stm32f407xx.o [1]
  .text              ro code  0x08001d0c     0x4  startup_stm32f407xx.o [1]
  .text              ro code  0x08001d10     0x4  startup_stm32f407xx.o [1]
  .text              ro code  0x08001d14     0x4  startup_stm32f407xx.o [1]
  .text              ro code  0x08001d18     0x4  startup_stm32f407xx.o [1]
  .text              ro code  0x08001d1c     0x4  startup_stm32f407xx.o [1]
  .text              ro code  0x08001d20     0x4  startup_stm32f407xx.o [1]
  .text              ro code  0x08001d24     0x4  startup_stm32f407xx.o [1]
  .text              ro code  0x08001d28     0x4  startup_stm32f407xx.o [1]
  .text              ro code  0x08001d2c     0x4  startup_stm32f407xx.o [1]
  .text              ro code  0x08001d30     0x4  startup_stm32f407xx.o [1]
  .text              ro code  0x08001d34     0x4  startup_stm32f407xx.o [1]
  .text              ro code  0x08001d38     0x4  startup_stm32f407xx.o [1]
  .text              ro code  0x08001d3c     0x4  startup_stm32f407xx.o [1]
  .text              ro code  0x08001d40     0x4  startup_stm32f407xx.o [1]
  .text              ro code  0x08001d44     0x4  startup_stm32f407xx.o [1]
  .text              ro code  0x08001d48     0x4  startup_stm32f407xx.o [1]
  .text              ro code  0x08001d4c     0x4  startup_stm32f407xx.o [1]
  .text              ro code  0x08001d50     0x4  startup_stm32f407xx.o [1]
  .text              ro code  0x08001d54     0x4  startup_stm32f407xx.o [1]
  .rodata            const    0x08001d58     0x0  zero_init3.o [5]
  .rodata            const    0x08001d58     0x0  copy_init3.o [5]
                            - 0x08001d58  0x1bd0

"P2", part 1 of 3:                          0x10
  P2-1                        0x20000000    0x10  <Init block>
    .data            inited   0x20000000     0xc  stm32f4xx_hal.o [1]
    .data            inited   0x2000000c     0x4  system_stm32f4xx.o [1]
                            - 0x20000010    0x10

"P2", part 2 of 3:                         0x400
  CSTACK                      0x20000010   0x400  <Block>
    CSTACK           uninit   0x20000010   0x400  <Block tail>
                            - 0x20000410   0x400

"P2", part 3 of 3:                         0x100
  .bss               zero     0x20000410    0x44  piloteCAN1.o [1]
  .bss               zero     0x20000454    0x40  main.o [1]
  .bss               zero     0x20000494    0x28  main.o [1]
  .bss               zero     0x200004bc    0x1c  piloteCAN1.o [1]
  .bss               zero     0x200004d8    0x14  processusClignotant.o [1]
  .bss               zero     0x200004ec    0x14  serviceBaseDeTemps.o [1]
  .bss               zero     0x20000500     0xa  processusBoutonConnecte.o [1]
  .bss               zero     0x2000050a     0x2  processusBoutonConnecte.o [1]
  .bss               zero     0x2000050c     0x4  piloteTimer6Up.o [1]
                            - 0x20000510   0x100


*******************************************************************************
*** INIT TABLE
***

          Address     Size
          -------     ----
Zero (__iar_zero_init3)
    1 destination range, total size 0x100:
          0x20000410  0x100

Copy (__iar_copy_init3)
    1 source range, total size 0x10:
          0x08001bdc   0x10
    1 destination range, total size 0x10:
          0x20000000   0x10



*******************************************************************************
*** MODULE SUMMARY
***

    Module                     ro code  ro data  rw data
    ------                     -------  -------  -------
U:\FRÉDÉRIC DION\Projet\5e session\Logiciels\STM32F407VGT6\EWARM\247-637 S-0010 V7\Obj: [1]
    interfaceT1.o                   18
    interfaceT2.o                   18
    interfaceT3.o                   18
    interfaceT4.o                   18
    main.o                       1 068               104
    piloteCAN1.o                   152                96
    piloteIOB1.o                     2
    piloteIOT1.o                    28
    piloteIOT2.o                    28
    piloteIOT3.o                    28
    piloteIOT4.o                    28
    piloteTimer6Up.o                40                 4
    processusBoutonConnecte.o      204                12
    processusClignotant.o          172                20
    serviceBaseDeTemps.o            72                20
    startup_stm32f407xx.o          760
    stm32f4xx_hal.o                152       12       12
    stm32f4xx_hal_can.o          1 172
    stm32f4xx_hal_cortex.o         240
    stm32f4xx_hal_gpio.o           476
    stm32f4xx_hal_msp.o            232
    stm32f4xx_hal_rcc.o          1 144
    stm32f4xx_hal_tim.o            640
    stm32f4xx_hal_tim_ex.o          68
    stm32f4xx_it.o                  16
    system_stm32f4xx.o              96        4        4
    ----------------------------------------------------
    Total:                       6 890       16      272

command line: [2]
    ----------------------------------------------------
    Total:

dl7M_tln.a: [3]
    exit.o                           4
    low_level_init.o                 4
    ----------------------------------------------------
    Total:                           8

m7M_tls.a: [4]
    fpinit_M.o                      34
    ----------------------------------------------------
    Total:                          34

rt7M_tl.a: [5]
    ABImemclr4.o                     6
    ABImemset48.o                   50
    I64DivMod.o                    238
    I64DivZer.o                      2
    cexit.o                         10
    cmain.o                         26
    copy_init3.o                    44
    cstartup_M.o                    12
    data_init.o                     40
    zero_init3.o                    64
    ----------------------------------------------------
    Total:                         492

shb_l.a: [6]
    exit.o                          20
    ----------------------------------------------------
    Total:                          20

    Gaps                            14        2
    Linker created                           36    1 024
--------------------------------------------------------
    Grand Total:                 7 458       54    1 296


*******************************************************************************
*** ENTRY LIST
***

Entry                      Address   Size  Type      Object
-----                      -------   ----  ----      ------
.iar.init_table$$Base   0x08001b44          --   Gb  - Linker created -
.iar.init_table$$Limit  0x08001b68          --   Gb  - Linker created -
?main                   0x08001b69         Code  Gb  cmain.o [5]
AHBPrescTable           0x08001a7c   0x10  Data  Gb  system_stm32f4xx.o [1]
CSTACK$$Base            0x20000010          --   Gb  - Linker created -
CSTACK$$Limit           0x20000410          --   Gb  - Linker created -
Error_Handler           0x08000e09    0x2  Code  Gb  main.o [1]
HAL_CAN_AddTxMessage    0x08000409   0xde  Code  Gb  stm32f4xx_hal_can.o [1]
HAL_CAN_ConfigFilter    0x080002bb   0xec  Code  Gb  stm32f4xx_hal_can.o [1]
HAL_CAN_GetRxMessage    0x080004e7  0x136  Code  Gb  stm32f4xx_hal_can.o [1]
HAL_CAN_Init            0x08000189  0x132  Code  Gb  stm32f4xx_hal_can.o [1]
HAL_CAN_MspInit         0x08000655   0x64  Code  Gb  stm32f4xx_hal_msp.o [1]
HAL_CAN_Start           0x080003a7   0x58  Code  Gb  stm32f4xx_hal_can.o [1]
HAL_GPIO_Init           0x08000809  0x1a2  Code  Gb  stm32f4xx_hal_gpio.o [1]
HAL_GPIO_WritePin       0x080009ab    0xe  Code  Gb  stm32f4xx_hal_gpio.o [1]
HAL_GetTick             0x08000705    0xc  Code  Wk  stm32f4xx_hal.o [1]
HAL_IncTick             0x08001bbd   0x10  Code  Wk  stm32f4xx_hal.o [1]
HAL_Init                0x08001181   0x30  Code  Gb  stm32f4xx_hal.o [1]
HAL_InitTick            0x080018e5   0x48  Code  Wk  stm32f4xx_hal.o [1]
HAL_MspInit             0x0800061d   0x38  Code  Gb  stm32f4xx_hal_msp.o [1]
HAL_NVIC_EnableIRQ      0x080007e3    0x2  Code  Gb  stm32f4xx_hal_cortex.o [1]
HAL_NVIC_SetPriority    0x080007c5   0x1e  Code  Gb  stm32f4xx_hal_cortex.o [1]
HAL_NVIC_SetPriorityGrouping
                        0x080007c3    0x2  Code  Gb  stm32f4xx_hal_cortex.o [1]
HAL_RCC_ClockConfig     0x080014a9  0x10e  Code  Gb  stm32f4xx_hal_rcc.o [1]
HAL_RCC_GetSysClockFreq
                        0x080015c9   0x64  Code  Wk  stm32f4xx_hal_rcc.o [1]
HAL_RCC_OscConfig       0x080011b5  0x2f4  Code  Wk  stm32f4xx_hal_rcc.o [1]
HAL_SYSTICK_Config      0x080007e5    0x2  Code  Gb  stm32f4xx_hal_cortex.o [1]
HAL_TIMEx_BreakCallback
                        0x08001a21    0x2  Code  Wk  stm32f4xx_hal_tim_ex.o [1]
HAL_TIMEx_CommutCallback
                        0x08001a25    0x2  Code  Wk  stm32f4xx_hal_tim_ex.o [1]
HAL_TIMEx_MasterConfigSynchronization
                        0x080018a5   0x40  Code  Gb  stm32f4xx_hal_tim_ex.o [1]
HAL_TIM_Base_Init       0x0800162d   0x32  Code  Gb  stm32f4xx_hal_tim.o [1]
HAL_TIM_Base_MspInit    0x080006b9   0x38  Code  Gb  stm32f4xx_hal_msp.o [1]
HAL_TIM_Base_Start_IT   0x0800165f   0x22  Code  Gb  stm32f4xx_hal_tim.o [1]
HAL_TIM_IC_CaptureCallback
                        0x08001a1b    0x2  Code  Wk  stm32f4xx_hal_tim.o [1]
HAL_TIM_IRQHandler      0x08001681  0x152  Code  Gb  stm32f4xx_hal_tim.o [1]
HAL_TIM_OC_DelayElapsedCallback
                        0x08001a1d    0x2  Code  Wk  stm32f4xx_hal_tim.o [1]
HAL_TIM_PWM_PulseFinishedCallback
                        0x08001a1f    0x2  Code  Wk  stm32f4xx_hal_tim.o [1]
HAL_TIM_PeriodElapsedCallback
                        0x08000e45    0xe  Code  Gb  piloteTimer6Up.o [1]
HAL_TIM_TriggerCallback
                        0x08001a23    0x2  Code  Wk  stm32f4xx_hal_tim.o [1]
MX_CAN1_Init            0x08000b2b   0x30  Code  Lc  main.o [1]
MX_GPIO_Init            0x08000ba7  0x228  Code  Lc  main.o [1]
MX_TIM6_Init            0x08000b5b   0x4c  Code  Lc  main.o [1]
NVIC_EncodePriority     0x08000765   0x36  Code  Lc  stm32f4xx_hal_cortex.o [1]
Region$$Table$$Base     0x08001b44          --   Gb  - Linker created -
Region$$Table$$Limit    0x08001b68          --   Gb  - Linker created -
SysTick_Config          0x0800079b   0x28  Code  Lc  stm32f4xx_hal_cortex.o [1]
SysTick_Handler         0x08001bcd    0x4  Code  Gb  stm32f4xx_it.o [1]
SystemClock_Config      0x08000a83   0xa8  Code  Gb  main.o [1]
SystemCoreClock         0x2000000c    0x4  Data  Gb  system_stm32f4xx.o [1]
SystemInit              0x08001a2d   0x3a  Code  Gb  system_stm32f4xx.o [1]
TIM6_DAC_IRQHandler     0x08001bd1    0x6  Code  Gb  stm32f4xx_it.o [1]
TIM_Base_SetConfig      0x080017d3   0xa6  Code  Gb  stm32f4xx_hal_tim.o [1]
__NVIC_EnableIRQ        0x08000735   0x16  Code  Lc  stm32f4xx_hal_cortex.o [1]
__NVIC_GetPriorityGrouping
                        0x0800072b    0xa  Code  Lc  stm32f4xx_hal_cortex.o [1]
__NVIC_SetPriority      0x0800074b   0x1a  Code  Lc  stm32f4xx_hal_cortex.o [1]
__NVIC_SetPriorityGrouping
                        0x08000711   0x1a  Code  Lc  stm32f4xx_hal_cortex.o [1]
__aeabi_ldiv0           0x08001a29         Code  Gb  I64DivZer.o [5]
__aeabi_memclr4         0x08000801         Code  Gb  ABImemclr4.o [5]
__aeabi_uldivmod        0x0800192d         Code  Gb  I64DivMod.o [5]
__cmain                 0x08001b69         Code  Gb  cmain.o [5]
__exit                  0x08001b99   0x14  Code  Gb  exit.o [6]
__iar_Memset4_word      0x080009e5         Code  Gb  ABImemset48.o [5]
__iar_Memset8_word      0x080009e5         Code  Gb  ABImemset48.o [5]
__iar_copy_init3        0x08001acd   0x2c  Code  Gb  copy_init3.o [5]
__iar_data_init3        0x08001af9   0x28  Code  Gb  data_init.o [5]
__iar_init_vfp          0x08001b21         Code  Gb  fpinit_M.o [4]
__iar_program_start     0x08001bed         Code  Gb  cstartup_M.o [5]
__iar_zero_init3        0x08001a8d   0x40  Code  Gb  zero_init3.o [5]
__low_level_init        0x08001b83    0x4  Code  Gb  low_level_init.o [3]
__vector_table          0x08000000         Data  Gb  startup_stm32f407xx.o [1]
_call_main              0x08001b75         Code  Gb  cmain.o [5]
_exit                   0x08001b8d         Code  Gb  cexit.o [5]
_main                   0x08001b7f         Code  Gb  cmain.o [5]
communication           0x20000500    0x8  Data  Gb  processusBoutonConnecte.o [1]
exit                    0x08001b87    0x4  Code  Gb  exit.o [3]
hcan1                   0x20000494   0x28  Data  Gb  main.o [1]
htim6                   0x20000454   0x40  Data  Gb  main.o [1]
interfaceT1_allume      0x08000f29    0x6  Code  Gb  interfaceT1.o [1]
interfaceT1_eteint      0x08000f2f    0x6  Code  Gb  interfaceT1.o [1]
interfaceT1_initialise  0x08000f35    0x6  Code  Gb  interfaceT1.o [1]
interfaceT2_allume      0x08000f3b    0x6  Code  Gb  interfaceT2.o [1]
interfaceT2_eteint      0x08000f41    0x6  Code  Gb  interfaceT2.o [1]
interfaceT2_initialise  0x08000f47    0x6  Code  Gb  interfaceT2.o [1]
interfaceT3_allume      0x08000f4d    0x6  Code  Gb  interfaceT3.o [1]
interfaceT3_eteint      0x08000f53    0x6  Code  Gb  interfaceT3.o [1]
interfaceT3_initialise  0x08000f59    0x6  Code  Gb  interfaceT3.o [1]
interfaceT4_allume      0x08000f5f    0x6  Code  Gb  interfaceT4.o [1]
interfaceT4_eteint      0x08000f65    0x6  Code  Gb  interfaceT4.o [1]
interfaceT4_initialise  0x08000f6b    0x6  Code  Gb  interfaceT4.o [1]
main                    0x08000a63   0x20  Code  Gb  main.o [1]
main_initialiseApresLeHAL
                        0x08000a53    0xe  Code  Gb  main.o [1]
main_initialiseAvantLeHAL
                        0x08000a19   0x3a  Code  Gb  main.o [1]
neFaitRien              0x08000a61    0x2  Code  Gb  main.o [1]
piloteCAN1_CasierPostal
                        0x20000450    0x4  Data  Gb  piloteCAN1.o [1]
piloteCAN1_filtre       0x20000428   0x28  Data  Gb  piloteCAN1.o [1]
piloteCAN1_initialise   0x0800111f   0x52  Code  Gb  piloteCAN1.o [1]
piloteCAN1_litUnMessageRecu
                        0x080010e9   0x16  Code  Gb  piloteCAN1.o [1]
piloteCAN1_reception    0x200004bc   0x1c  Data  Gb  piloteCAN1.o [1]
piloteCAN1_transmetDesDonnes
                        0x080010ff   0x20  Code  Gb  piloteCAN1.o [1]
piloteCAN1_transmission
                        0x20000410   0x18  Data  Gb  piloteCAN1.o [1]
piloteIOB1_initialise   0x08000e6d    0x2  Code  Gb  piloteIOB1.o [1]
piloteIOT1_initialise   0x08000e7d    0xc  Code  Gb  piloteIOT1.o [1]
piloteIOT1_metLaSortieA
                        0x08000e71    0xc  Code  Gb  piloteIOT1.o [1]
piloteIOT2_initialise   0x08000e99    0xc  Code  Gb  piloteIOT2.o [1]
piloteIOT2_metLaSortieA
                        0x08000e8d    0xc  Code  Gb  piloteIOT2.o [1]
piloteIOT3_initialise   0x08000eb5    0xc  Code  Gb  piloteIOT3.o [1]
piloteIOT3_metLaSortieA
                        0x08000ea9    0xc  Code  Gb  piloteIOT3.o [1]
piloteIOT4_initialise   0x08000ed1    0xc  Code  Gb  piloteIOT4.o [1]
piloteIOT4_metLaSortieA
                        0x08000ec5    0xc  Code  Gb  piloteIOT4.o [1]
piloteTimer6Up_execute  0x2000050c    0x4  Data  Gb  piloteTimer6Up.o [1]
piloteTimer6Up_initialise
                        0x08000e59    0x8  Code  Gb  piloteTimer6Up.o [1]
piloteTimer6Up_permetLesInterruptions
                        0x08000e53    0x6  Code  Gb  piloteTimer6Up.o [1]
processusBoutonConnecte_attendUneReponse
                        0x08001059   0x60  Code  Gb  processusBoutonConnecte.o [1]
processusBoutonConnecte_changeT2
                        0x0800101d   0x18  Code  Gb  processusBoutonConnecte.o [1]
processusBoutonConnecte_compteur
                        0x20000509    0x1  Data  Gb  processusBoutonConnecte.o [1]
processusBoutonConnecte_etatDeT2
                        0x20000508    0x1  Data  Gb  processusBoutonConnecte.o [1]
processusBoutonConnecte_initialise
                        0x080010b9   0x20  Code  Gb  processusBoutonConnecte.o [1]
processusBoutonConnecte_octetsATransmettre
                        0x2000050b    0x1  Data  Gb  processusBoutonConnecte.o [1]
processusBoutonConnecte_octetsRecus
                        0x2000050a    0x1  Data  Gb  processusBoutonConnecte.o [1]
processusBoutonConnecte_traiteLesDonneesRecues
                        0x08001047   0x12  Code  Gb  processusBoutonConnecte.o [1]
processusBoutonConnecte_valideLesDonneesRecues
                        0x08001035   0x12  Code  Gb  processusBoutonConnecte.o [1]
processusClignotant_allumeLongtemps
                        0x08000fe9   0x1a  Code  Gb  processusClignotant.o [1]
processusClignotant_allumeUnPeu
                        0x08000f99   0x34  Code  Gb  processusClignotant.o [1]
processusClignotant_compteur
                        0x200004e0    0x4  Data  Gb  processusClignotant.o [1]
processusClignotant_donneesATransmettre
                        0x200004e4    0x8  Data  Gb  processusClignotant.o [1]
processusClignotant_donneesRecues
                        0x200004d8    0x8  Data  Gb  processusClignotant.o [1]
processusClignotant_eteintLongtemps
                        0x08000fcd   0x1c  Code  Gb  processusClignotant.o [1]
processusClignotant_eteintUnPeu
                        0x08000f71   0x28  Code  Gb  processusClignotant.o [1]
processusClignotant_initialise
                        0x08001003    0xe  Code  Gb  processusClignotant.o [1]
serviceBaseDeTemps_execute
                        0x200004ec   0x14  Data  Gb  serviceBaseDeTemps.o [1]
serviceBaseDeTemps_gere
                        0x08000ee1   0x1a  Code  Gb  serviceBaseDeTemps.o [1]
serviceBaseDeTemps_initialise
                        0x08000efb   0x1e  Code  Gb  serviceBaseDeTemps.o [1]
uwTick                  0x20000004    0x4  Data  Gb  stm32f4xx_hal.o [1]
uwTickFreq              0x20000000    0x1  Data  Gb  stm32f4xx_hal.o [1]
uwTickPrio              0x20000008    0x4  Data  Gb  stm32f4xx_hal.o [1]


[1] = U:\FRÉDÉRIC DION\Projet\5e session\Logiciels\STM32F407VGT6\EWARM\247-637 S-0010 V7\Obj
[2] = command line
[3] = dl7M_tln.a
[4] = m7M_tls.a
[5] = rt7M_tl.a
[6] = shb_l.a

  7 458 bytes of readonly  code memory
     54 bytes of readonly  data memory
  1 296 bytes of readwrite data memory

Errors: none
Warnings: none
